C:\Users\zyred\.copaw\workspaces\item-finder\backend\main.py:63: DeprecationWarning: 
        on_event is deprecated, use lifespan event handlers instead.

        Read more about it in the
        [FastAPI docs for Lifespan Events](https://fastapi.tiangolo.com/advanced/events/).
        
  @app.on_event("startup")
INFO:     Will watch for changes in these directories: ['C:\\Users\\zyred\\.copaw\\workspaces\\item-finder\\backend']
INFO:     Uvicorn running on http://0.0.0.0:8000 (Press CTRL+C to quit)
INFO:     Started reloader process [203272] using StatReload
INFO:     Started server process [158388]
INFO:     Waiting for application startup.
ERROR:    Traceback (most recent call last):
  File "D:\dev\python\python3.13.5\Lib\site-packages\starlette\routing.py", line 694, in lifespan
    async with self.lifespan_context(app) as maybe_state:
               ~~~~~~~~~~~~~~~~~~~~~^^^^^
  File "D:\dev\python\python3.13.5\Lib\contextlib.py", line 214, in __aenter__
    return await anext(self.gen)
           ^^^^^^^^^^^^^^^^^^^^^
  File "D:\dev\python\python3.13.5\Lib\site-packages\fastapi\routing.py", line 212, in merged_lifespan
    async with original_context(app) as maybe_original_state:
               ~~~~~~~~~~~~~~~~^^^^^
  File "D:\dev\python\python3.13.5\Lib\contextlib.py", line 214, in __aenter__
    return await anext(self.gen)
           ^^^^^^^^^^^^^^^^^^^^^
  File "D:\dev\python\python3.13.5\Lib\site-packages\fastapi\routing.py", line 212, in merged_lifespan
    async with original_context(app) as maybe_original_state:
               ~~~~~~~~~~~~~~~~^^^^^
  File "D:\dev\python\python3.13.5\Lib\contextlib.py", line 214, in __aenter__
    return await anext(self.gen)
           ^^^^^^^^^^^^^^^^^^^^^
  File "D:\dev\python\python3.13.5\Lib\site-packages\fastapi\routing.py", line 212, in merged_lifespan
    async with original_context(app) as maybe_original_state:
               ~~~~~~~~~~~~~~~~^^^^^
  File "D:\dev\python\python3.13.5\Lib\contextlib.py", line 214, in __aenter__
    return await anext(self.gen)
           ^^^^^^^^^^^^^^^^^^^^^
  File "D:\dev\python\python3.13.5\Lib\site-packages\fastapi\routing.py", line 212, in merged_lifespan
    async with original_context(app) as maybe_original_state:
               ~~~~~~~~~~~~~~~~^^^^^
  File "D:\dev\python\python3.13.5\Lib\contextlib.py", line 214, in __aenter__
    return await anext(self.gen)
           ^^^^^^^^^^^^^^^^^^^^^
  File "D:\dev\python\python3.13.5\Lib\site-packages\fastapi\routing.py", line 212, in merged_lifespan
    async with original_context(app) as maybe_original_state:
               ~~~~~~~~~~~~~~~~^^^^^
  File "D:\dev\python\python3.13.5\Lib\contextlib.py", line 214, in __aenter__
    return await anext(self.gen)
           ^^^^^^^^^^^^^^^^^^^^^
  File "D:\dev\python\python3.13.5\Lib\site-packages\fastapi\routing.py", line 212, in merged_lifespan
    async with original_context(app) as maybe_original_state:
               ~~~~~~~~~~~~~~~~^^^^^
  File "D:\dev\python\python3.13.5\Lib\site-packages\fastapi\routing.py", line 237, in __aenter__
    await self._router._startup()
  File "D:\dev\python\python3.13.5\Lib\site-packages\fastapi\routing.py", line 4880, in _startup
    await handler()
  File "C:\Users\zyred\.copaw\workspaces\item-finder\backend\main.py", line 67, in startup_event
    print(f"\u2705 {settings.APP_NAME} API Æô¶¯³É¹¦")
    ~~~~~^^^^^^^^^^^^^^^^^^^^^^^^^^^^^^^^^^^^^^^^
UnicodeEncodeError: 'gbk' codec can't encode character '\u2705' in position 0: illegal multibyte sequence

ERROR:    Application startup failed. Exiting.
[OK] Database initialized
